// Jest Snapshot v1, https://goo.gl/fbAQLP

exports[`Navigation daily 1`] = `"<div></div>"`;

exports[`Navigation monthly 1`] = `"<div></div>"`;

exports[`Navigation weekly 1`] = `"<div></div>"`;
