// Jest Snapshot v1, https://goo.gl/fbAQLP

exports[`WeeklyCalendar render 1`] = `"<div><span>08 - 15 oct. 2017</span><div style=\\"position: relative; height: 0px; width: 100%;\\"></div><div></div><div></div><div></div><div></div><div></div><div></div><div></div></div>"`;
