// Jest Snapshot v1, https://goo.gl/fbAQLP

exports[`WeeklyCalendar render 1`] = `
<BD
  start={2017-10-10T15:00:00.000Z}
>
  <WeeklyCalendar
    endHour="PT22H"
    fevents={
      Array [
        Object {
          "allDay": true,
          "end": 2017-10-12T15:30:00.000Z,
          "id": 0,
          "start": 2017-10-07T15:00:00.000Z,
        },
      ]
    }
    locale={
      Object {
        "formatDistance": [Function],
        "formatLong": [Function],
        "formatRelative": [Function],
        "formatters": Object {
          "Do MMM": [Function],
          "Do MMMM": [Function],
        },
        "formattingTokensRegExp": /\\(\\\\\\[\\[\\^\\\\\\[\\]\\*\\\\\\]\\)\\|\\(\\\\\\\\\\)\\?\\(x\\|ss\\|s\\|mm\\|m\\|hh\\|h\\|do\\|dddd\\|ddd\\|dd\\|d\\|aa\\|a\\|ZZ\\|Z\\|YYYY\\|YY\\|X\\|Wo\\|WW\\|W\\|SSS\\|SS\\|S\\|Qo\\|Q\\|Mo\\|MMMM\\|MMM\\|MM\\|M\\|HH\\|H\\|GGGG\\|GG\\|E\\|Do MMMM\\|Do MMM\\|Do\\|DDDo\\|DDDD\\|DDD\\|DD\\|D\\|A\\|\\.\\)/g,
        "localize": Object {
          "month": [Function],
          "months": [Function],
          "ordinalNumber": [Function],
          "timeOfDay": [Function],
          "timesOfDay": [Function],
          "weekday": [Function],
          "weekdays": [Function],
        },
        "match": Object {
          "month": [Function],
          "months": [Function],
          "ordinalNumber": [Function],
          "ordinalNumbers": [Function],
          "timeOfDay": [Function],
          "timesOfDay": [Function],
          "weekday": [Function],
          "weekdays": [Function],
        },
        "options": Object {
          "firstWeekContainsDate": 4,
          "weekStartsOn": 1,
        },
      }
    }
    rowHeight={30}
    showNow={false}
    showWeekend={true}
    start={2017-10-10T15:00:00.000Z}
    startHour="PT06H"
    startingDay={1}
    toggleWeekend={[MockFunction]}
    type="weekly"
  >
    <div>
      <span>
        09 - 16 oct. 2017
      </span>
      <div
        style={
          Object {
            "height": 30,
            "position": "relative",
            "width": "100%",
          }
        }
      >
        <span
          key="0"
          style={
            Object {
              "height": 30,
              "left": 0,
              "position": "absolute",
              "top": 0,
              "width": 0,
            }
          }
        />
      </div>
      <BD
        dateFormat="DD"
        key="daily_cal_0"
        start={2017-10-08T22:00:00.000Z}
      >
        <DailyCalendar
          dateFormat="DD"
          endHour="PT22H"
          events={
            Array [
              Object {
                "allDay": false,
                "end": 2017-10-07T12:00:00.000Z,
                "id": 1,
                "start": 2017-10-07T01:00:00.000Z,
              },
              Object {
                "allDay": false,
                "end": 2017-10-07T05:00:00.000Z,
                "id": 2,
                "start": 2017-10-07T03:00:00.000Z,
              },
              Object {
                "allDay": false,
                "end": 2017-10-07T11:30:00.000Z,
                "id": 3,
                "start": 2017-10-07T10:30:00.000Z,
              },
              Object {
                "allDay": false,
                "end": 2017-10-07T12:30:00.000Z,
                "id": 4,
                "start": 2017-10-07T11:00:00.000Z,
              },
              Object {
                "allDay": false,
                "end": 2017-10-07T16:00:00.000Z,
                "id": 5,
                "start": 2017-10-07T14:30:00.000Z,
              },
              Object {
                "allDay": false,
                "end": 2017-10-07T16:30:00.000Z,
                "id": 6,
                "start": 2017-10-07T15:00:00.000Z,
              },
              Object {
                "allDay": false,
                "end": 2017-10-07T15:30:00.000Z,
                "id": 7,
                "start": 2017-10-07T15:00:00.000Z,
              },
            ]
          }
          fevents={
            Array [
              Object {
                "allDay": true,
                "end": 2017-10-12T15:30:00.000Z,
                "id": 0,
                "start": 2017-10-07T15:00:00.000Z,
              },
            ]
          }
          hourFormat="HH"
          locale={
            Object {
              "formatDistance": [Function],
              "formatLong": [Function],
              "formatRelative": [Function],
              "formatters": Object {
                "Do MMM": [Function],
                "Do MMMM": [Function],
              },
              "formattingTokensRegExp": /\\(\\\\\\[\\[\\^\\\\\\[\\]\\*\\\\\\]\\)\\|\\(\\\\\\\\\\)\\?\\(x\\|ss\\|s\\|mm\\|m\\|hh\\|h\\|do\\|dddd\\|ddd\\|dd\\|d\\|aa\\|a\\|ZZ\\|Z\\|YYYY\\|YY\\|X\\|Wo\\|WW\\|W\\|SSS\\|SS\\|S\\|Qo\\|Q\\|Mo\\|MMMM\\|MMM\\|MM\\|M\\|HH\\|H\\|GGGG\\|GG\\|E\\|Do MMMM\\|Do MMM\\|Do\\|DDDo\\|DDDD\\|DDD\\|DD\\|D\\|A\\|\\.\\)/g,
              "localize": Object {
                "month": [Function],
                "months": [Function],
                "ordinalNumber": [Function],
                "timeOfDay": [Function],
                "timesOfDay": [Function],
                "weekday": [Function],
                "weekdays": [Function],
              },
              "match": Object {
                "month": [Function],
                "months": [Function],
                "ordinalNumber": [Function],
                "ordinalNumbers": [Function],
                "timeOfDay": [Function],
                "timesOfDay": [Function],
                "weekday": [Function],
                "weekdays": [Function],
              },
              "options": Object {
                "firstWeekContainsDate": 4,
                "weekStartsOn": 1,
              },
            }
          }
          matrix={
            Array [
              0,
              1,
              1,
              1,
              1,
              0,
              0,
            ]
          }
          nodes={
            Object {
              "0": Object {
                "children": Array [
                  1,
                  2,
                  3,
                ],
                "depth": 3,
                "level": 0,
              },
              "1": Object {
                "children": Array [],
                "depth": 3,
                "level": 1,
              },
              "2": Object {
                "children": Array [
                  3,
                ],
                "depth": 3,
                "level": 1,
              },
              "3": Object {
                "children": Array [],
                "depth": 3,
                "level": 2,
              },
              "4": Object {
                "children": Array [
                  5,
                  6,
                ],
                "depth": 2,
                "level": 0,
              },
              "5": Object {
                "children": Array [],
                "depth": 2,
                "level": 1,
              },
              "6": Object {
                "children": Array [],
                "depth": 2,
                "level": 1,
              },
            }
          }
          offset={0}
          rowHeight={30}
          showNow={false}
          start={2017-10-08T22:00:00.000Z}
          startHour="PT06H"
          type="weekly"
        >
          <div />
        </DailyCalendar>
      </BD>
      <BD
        dateFormat="DD"
        key="daily_cal_1"
        start={2017-10-09T22:00:00.000Z}
      >
        <DailyCalendar
          dateFormat="DD"
          endHour="PT22H"
          events={
            Array [
              Object {
                "allDay": false,
                "end": 2017-10-07T12:00:00.000Z,
                "id": 1,
                "start": 2017-10-07T01:00:00.000Z,
              },
              Object {
                "allDay": false,
                "end": 2017-10-07T05:00:00.000Z,
                "id": 2,
                "start": 2017-10-07T03:00:00.000Z,
              },
              Object {
                "allDay": false,
                "end": 2017-10-07T11:30:00.000Z,
                "id": 3,
                "start": 2017-10-07T10:30:00.000Z,
              },
              Object {
                "allDay": false,
                "end": 2017-10-07T12:30:00.000Z,
                "id": 4,
                "start": 2017-10-07T11:00:00.000Z,
              },
              Object {
                "allDay": false,
                "end": 2017-10-07T16:00:00.000Z,
                "id": 5,
                "start": 2017-10-07T14:30:00.000Z,
              },
              Object {
                "allDay": false,
                "end": 2017-10-07T16:30:00.000Z,
                "id": 6,
                "start": 2017-10-07T15:00:00.000Z,
              },
              Object {
                "allDay": false,
                "end": 2017-10-07T15:30:00.000Z,
                "id": 7,
                "start": 2017-10-07T15:00:00.000Z,
              },
            ]
          }
          fevents={
            Array [
              Object {
                "allDay": true,
                "end": 2017-10-12T15:30:00.000Z,
                "id": 0,
                "start": 2017-10-07T15:00:00.000Z,
              },
            ]
          }
          hourFormat="HH"
          locale={
            Object {
              "formatDistance": [Function],
              "formatLong": [Function],
              "formatRelative": [Function],
              "formatters": Object {
                "Do MMM": [Function],
                "Do MMMM": [Function],
              },
              "formattingTokensRegExp": /\\(\\\\\\[\\[\\^\\\\\\[\\]\\*\\\\\\]\\)\\|\\(\\\\\\\\\\)\\?\\(x\\|ss\\|s\\|mm\\|m\\|hh\\|h\\|do\\|dddd\\|ddd\\|dd\\|d\\|aa\\|a\\|ZZ\\|Z\\|YYYY\\|YY\\|X\\|Wo\\|WW\\|W\\|SSS\\|SS\\|S\\|Qo\\|Q\\|Mo\\|MMMM\\|MMM\\|MM\\|M\\|HH\\|H\\|GGGG\\|GG\\|E\\|Do MMMM\\|Do MMM\\|Do\\|DDDo\\|DDDD\\|DDD\\|DD\\|D\\|A\\|\\.\\)/g,
              "localize": Object {
                "month": [Function],
                "months": [Function],
                "ordinalNumber": [Function],
                "timeOfDay": [Function],
                "timesOfDay": [Function],
                "weekday": [Function],
                "weekdays": [Function],
              },
              "match": Object {
                "month": [Function],
                "months": [Function],
                "ordinalNumber": [Function],
                "ordinalNumbers": [Function],
                "timeOfDay": [Function],
                "timesOfDay": [Function],
                "weekday": [Function],
                "weekdays": [Function],
              },
              "options": Object {
                "firstWeekContainsDate": 4,
                "weekStartsOn": 1,
              },
            }
          }
          matrix={
            Array [
              0,
              1,
              1,
              1,
              1,
              0,
              0,
            ]
          }
          nodes={
            Object {
              "0": Object {
                "children": Array [
                  1,
                  2,
                  3,
                ],
                "depth": 3,
                "level": 0,
              },
              "1": Object {
                "children": Array [],
                "depth": 3,
                "level": 1,
              },
              "2": Object {
                "children": Array [
                  3,
                ],
                "depth": 3,
                "level": 1,
              },
              "3": Object {
                "children": Array [],
                "depth": 3,
                "level": 2,
              },
              "4": Object {
                "children": Array [
                  5,
                  6,
                ],
                "depth": 2,
                "level": 0,
              },
              "5": Object {
                "children": Array [],
                "depth": 2,
                "level": 1,
              },
              "6": Object {
                "children": Array [],
                "depth": 2,
                "level": 1,
              },
            }
          }
          offset={0}
          rowHeight={30}
          showNow={false}
          start={2017-10-09T22:00:00.000Z}
          startHour="PT06H"
          type="weekly"
        >
          <div />
        </DailyCalendar>
      </BD>
      <BD
        dateFormat="DD"
        key="daily_cal_2"
        start={2017-10-10T22:00:00.000Z}
      >
        <DailyCalendar
          dateFormat="DD"
          endHour="PT22H"
          events={
            Array [
              Object {
                "allDay": false,
                "end": 2017-10-07T12:00:00.000Z,
                "id": 1,
                "start": 2017-10-07T01:00:00.000Z,
              },
              Object {
                "allDay": false,
                "end": 2017-10-07T05:00:00.000Z,
                "id": 2,
                "start": 2017-10-07T03:00:00.000Z,
              },
              Object {
                "allDay": false,
                "end": 2017-10-07T11:30:00.000Z,
                "id": 3,
                "start": 2017-10-07T10:30:00.000Z,
              },
              Object {
                "allDay": false,
                "end": 2017-10-07T12:30:00.000Z,
                "id": 4,
                "start": 2017-10-07T11:00:00.000Z,
              },
              Object {
                "allDay": false,
                "end": 2017-10-07T16:00:00.000Z,
                "id": 5,
                "start": 2017-10-07T14:30:00.000Z,
              },
              Object {
                "allDay": false,
                "end": 2017-10-07T16:30:00.000Z,
                "id": 6,
                "start": 2017-10-07T15:00:00.000Z,
              },
              Object {
                "allDay": false,
                "end": 2017-10-07T15:30:00.000Z,
                "id": 7,
                "start": 2017-10-07T15:00:00.000Z,
              },
            ]
          }
          fevents={
            Array [
              Object {
                "allDay": true,
                "end": 2017-10-12T15:30:00.000Z,
                "id": 0,
                "start": 2017-10-07T15:00:00.000Z,
              },
            ]
          }
          hourFormat="HH"
          locale={
            Object {
              "formatDistance": [Function],
              "formatLong": [Function],
              "formatRelative": [Function],
              "formatters": Object {
                "Do MMM": [Function],
                "Do MMMM": [Function],
              },
              "formattingTokensRegExp": /\\(\\\\\\[\\[\\^\\\\\\[\\]\\*\\\\\\]\\)\\|\\(\\\\\\\\\\)\\?\\(x\\|ss\\|s\\|mm\\|m\\|hh\\|h\\|do\\|dddd\\|ddd\\|dd\\|d\\|aa\\|a\\|ZZ\\|Z\\|YYYY\\|YY\\|X\\|Wo\\|WW\\|W\\|SSS\\|SS\\|S\\|Qo\\|Q\\|Mo\\|MMMM\\|MMM\\|MM\\|M\\|HH\\|H\\|GGGG\\|GG\\|E\\|Do MMMM\\|Do MMM\\|Do\\|DDDo\\|DDDD\\|DDD\\|DD\\|D\\|A\\|\\.\\)/g,
              "localize": Object {
                "month": [Function],
                "months": [Function],
                "ordinalNumber": [Function],
                "timeOfDay": [Function],
                "timesOfDay": [Function],
                "weekday": [Function],
                "weekdays": [Function],
              },
              "match": Object {
                "month": [Function],
                "months": [Function],
                "ordinalNumber": [Function],
                "ordinalNumbers": [Function],
                "timeOfDay": [Function],
                "timesOfDay": [Function],
                "weekday": [Function],
                "weekdays": [Function],
              },
              "options": Object {
                "firstWeekContainsDate": 4,
                "weekStartsOn": 1,
              },
            }
          }
          matrix={
            Array [
              0,
              1,
              1,
              1,
              1,
              0,
              0,
            ]
          }
          nodes={
            Object {
              "0": Object {
                "children": Array [
                  1,
                  2,
                  3,
                ],
                "depth": 3,
                "level": 0,
              },
              "1": Object {
                "children": Array [],
                "depth": 3,
                "level": 1,
              },
              "2": Object {
                "children": Array [
                  3,
                ],
                "depth": 3,
                "level": 1,
              },
              "3": Object {
                "children": Array [],
                "depth": 3,
                "level": 2,
              },
              "4": Object {
                "children": Array [
                  5,
                  6,
                ],
                "depth": 2,
                "level": 0,
              },
              "5": Object {
                "children": Array [],
                "depth": 2,
                "level": 1,
              },
              "6": Object {
                "children": Array [],
                "depth": 2,
                "level": 1,
              },
            }
          }
          offset={0}
          rowHeight={30}
          showNow={false}
          start={2017-10-10T22:00:00.000Z}
          startHour="PT06H"
          type="weekly"
        >
          <div />
        </DailyCalendar>
      </BD>
      <BD
        dateFormat="DD"
        key="daily_cal_3"
        start={2017-10-11T22:00:00.000Z}
      >
        <DailyCalendar
          dateFormat="DD"
          endHour="PT22H"
          events={
            Array [
              Object {
                "allDay": false,
                "end": 2017-10-07T12:00:00.000Z,
                "id": 1,
                "start": 2017-10-07T01:00:00.000Z,
              },
              Object {
                "allDay": false,
                "end": 2017-10-07T05:00:00.000Z,
                "id": 2,
                "start": 2017-10-07T03:00:00.000Z,
              },
              Object {
                "allDay": false,
                "end": 2017-10-07T11:30:00.000Z,
                "id": 3,
                "start": 2017-10-07T10:30:00.000Z,
              },
              Object {
                "allDay": false,
                "end": 2017-10-07T12:30:00.000Z,
                "id": 4,
                "start": 2017-10-07T11:00:00.000Z,
              },
              Object {
                "allDay": false,
                "end": 2017-10-07T16:00:00.000Z,
                "id": 5,
                "start": 2017-10-07T14:30:00.000Z,
              },
              Object {
                "allDay": false,
                "end": 2017-10-07T16:30:00.000Z,
                "id": 6,
                "start": 2017-10-07T15:00:00.000Z,
              },
              Object {
                "allDay": false,
                "end": 2017-10-07T15:30:00.000Z,
                "id": 7,
                "start": 2017-10-07T15:00:00.000Z,
              },
            ]
          }
          fevents={
            Array [
              Object {
                "allDay": true,
                "end": 2017-10-12T15:30:00.000Z,
                "id": 0,
                "start": 2017-10-07T15:00:00.000Z,
              },
            ]
          }
          hourFormat="HH"
          locale={
            Object {
              "formatDistance": [Function],
              "formatLong": [Function],
              "formatRelative": [Function],
              "formatters": Object {
                "Do MMM": [Function],
                "Do MMMM": [Function],
              },
              "formattingTokensRegExp": /\\(\\\\\\[\\[\\^\\\\\\[\\]\\*\\\\\\]\\)\\|\\(\\\\\\\\\\)\\?\\(x\\|ss\\|s\\|mm\\|m\\|hh\\|h\\|do\\|dddd\\|ddd\\|dd\\|d\\|aa\\|a\\|ZZ\\|Z\\|YYYY\\|YY\\|X\\|Wo\\|WW\\|W\\|SSS\\|SS\\|S\\|Qo\\|Q\\|Mo\\|MMMM\\|MMM\\|MM\\|M\\|HH\\|H\\|GGGG\\|GG\\|E\\|Do MMMM\\|Do MMM\\|Do\\|DDDo\\|DDDD\\|DDD\\|DD\\|D\\|A\\|\\.\\)/g,
              "localize": Object {
                "month": [Function],
                "months": [Function],
                "ordinalNumber": [Function],
                "timeOfDay": [Function],
                "timesOfDay": [Function],
                "weekday": [Function],
                "weekdays": [Function],
              },
              "match": Object {
                "month": [Function],
                "months": [Function],
                "ordinalNumber": [Function],
                "ordinalNumbers": [Function],
                "timeOfDay": [Function],
                "timesOfDay": [Function],
                "weekday": [Function],
                "weekdays": [Function],
              },
              "options": Object {
                "firstWeekContainsDate": 4,
                "weekStartsOn": 1,
              },
            }
          }
          matrix={
            Array [
              0,
              1,
              1,
              1,
              1,
              0,
              0,
            ]
          }
          nodes={
            Object {
              "0": Object {
                "children": Array [
                  1,
                  2,
                  3,
                ],
                "depth": 3,
                "level": 0,
              },
              "1": Object {
                "children": Array [],
                "depth": 3,
                "level": 1,
              },
              "2": Object {
                "children": Array [
                  3,
                ],
                "depth": 3,
                "level": 1,
              },
              "3": Object {
                "children": Array [],
                "depth": 3,
                "level": 2,
              },
              "4": Object {
                "children": Array [
                  5,
                  6,
                ],
                "depth": 2,
                "level": 0,
              },
              "5": Object {
                "children": Array [],
                "depth": 2,
                "level": 1,
              },
              "6": Object {
                "children": Array [],
                "depth": 2,
                "level": 1,
              },
            }
          }
          offset={0}
          rowHeight={30}
          showNow={false}
          start={2017-10-11T22:00:00.000Z}
          startHour="PT06H"
          type="weekly"
        >
          <div />
        </DailyCalendar>
      </BD>
      <BD
        dateFormat="DD"
        key="daily_cal_4"
        start={2017-10-12T22:00:00.000Z}
      >
        <DailyCalendar
          dateFormat="DD"
          endHour="PT22H"
          events={
            Array [
              Object {
                "allDay": false,
                "end": 2017-10-07T12:00:00.000Z,
                "id": 1,
                "start": 2017-10-07T01:00:00.000Z,
              },
              Object {
                "allDay": false,
                "end": 2017-10-07T05:00:00.000Z,
                "id": 2,
                "start": 2017-10-07T03:00:00.000Z,
              },
              Object {
                "allDay": false,
                "end": 2017-10-07T11:30:00.000Z,
                "id": 3,
                "start": 2017-10-07T10:30:00.000Z,
              },
              Object {
                "allDay": false,
                "end": 2017-10-07T12:30:00.000Z,
                "id": 4,
                "start": 2017-10-07T11:00:00.000Z,
              },
              Object {
                "allDay": false,
                "end": 2017-10-07T16:00:00.000Z,
                "id": 5,
                "start": 2017-10-07T14:30:00.000Z,
              },
              Object {
                "allDay": false,
                "end": 2017-10-07T16:30:00.000Z,
                "id": 6,
                "start": 2017-10-07T15:00:00.000Z,
              },
              Object {
                "allDay": false,
                "end": 2017-10-07T15:30:00.000Z,
                "id": 7,
                "start": 2017-10-07T15:00:00.000Z,
              },
            ]
          }
          fevents={
            Array [
              Object {
                "allDay": true,
                "end": 2017-10-12T15:30:00.000Z,
                "id": 0,
                "start": 2017-10-07T15:00:00.000Z,
              },
            ]
          }
          hourFormat="HH"
          locale={
            Object {
              "formatDistance": [Function],
              "formatLong": [Function],
              "formatRelative": [Function],
              "formatters": Object {
                "Do MMM": [Function],
                "Do MMMM": [Function],
              },
              "formattingTokensRegExp": /\\(\\\\\\[\\[\\^\\\\\\[\\]\\*\\\\\\]\\)\\|\\(\\\\\\\\\\)\\?\\(x\\|ss\\|s\\|mm\\|m\\|hh\\|h\\|do\\|dddd\\|ddd\\|dd\\|d\\|aa\\|a\\|ZZ\\|Z\\|YYYY\\|YY\\|X\\|Wo\\|WW\\|W\\|SSS\\|SS\\|S\\|Qo\\|Q\\|Mo\\|MMMM\\|MMM\\|MM\\|M\\|HH\\|H\\|GGGG\\|GG\\|E\\|Do MMMM\\|Do MMM\\|Do\\|DDDo\\|DDDD\\|DDD\\|DD\\|D\\|A\\|\\.\\)/g,
              "localize": Object {
                "month": [Function],
                "months": [Function],
                "ordinalNumber": [Function],
                "timeOfDay": [Function],
                "timesOfDay": [Function],
                "weekday": [Function],
                "weekdays": [Function],
              },
              "match": Object {
                "month": [Function],
                "months": [Function],
                "ordinalNumber": [Function],
                "ordinalNumbers": [Function],
                "timeOfDay": [Function],
                "timesOfDay": [Function],
                "weekday": [Function],
                "weekdays": [Function],
              },
              "options": Object {
                "firstWeekContainsDate": 4,
                "weekStartsOn": 1,
              },
            }
          }
          matrix={
            Array [
              0,
              1,
              1,
              1,
              1,
              0,
              0,
            ]
          }
          nodes={
            Object {
              "0": Object {
                "children": Array [
                  1,
                  2,
                  3,
                ],
                "depth": 3,
                "level": 0,
              },
              "1": Object {
                "children": Array [],
                "depth": 3,
                "level": 1,
              },
              "2": Object {
                "children": Array [
                  3,
                ],
                "depth": 3,
                "level": 1,
              },
              "3": Object {
                "children": Array [],
                "depth": 3,
                "level": 2,
              },
              "4": Object {
                "children": Array [
                  5,
                  6,
                ],
                "depth": 2,
                "level": 0,
              },
              "5": Object {
                "children": Array [],
                "depth": 2,
                "level": 1,
              },
              "6": Object {
                "children": Array [],
                "depth": 2,
                "level": 1,
              },
            }
          }
          offset={0}
          rowHeight={30}
          showNow={false}
          start={2017-10-12T22:00:00.000Z}
          startHour="PT06H"
          type="weekly"
        >
          <div />
        </DailyCalendar>
      </BD>
      <BD
        dateFormat="DD"
        key="daily_cal_5"
        start={2017-10-13T22:00:00.000Z}
      >
        <DailyCalendar
          dateFormat="DD"
          endHour="PT22H"
          events={
            Array [
              Object {
                "allDay": false,
                "end": 2017-10-07T12:00:00.000Z,
                "id": 1,
                "start": 2017-10-07T01:00:00.000Z,
              },
              Object {
                "allDay": false,
                "end": 2017-10-07T05:00:00.000Z,
                "id": 2,
                "start": 2017-10-07T03:00:00.000Z,
              },
              Object {
                "allDay": false,
                "end": 2017-10-07T11:30:00.000Z,
                "id": 3,
                "start": 2017-10-07T10:30:00.000Z,
              },
              Object {
                "allDay": false,
                "end": 2017-10-07T12:30:00.000Z,
                "id": 4,
                "start": 2017-10-07T11:00:00.000Z,
              },
              Object {
                "allDay": false,
                "end": 2017-10-07T16:00:00.000Z,
                "id": 5,
                "start": 2017-10-07T14:30:00.000Z,
              },
              Object {
                "allDay": false,
                "end": 2017-10-07T16:30:00.000Z,
                "id": 6,
                "start": 2017-10-07T15:00:00.000Z,
              },
              Object {
                "allDay": false,
                "end": 2017-10-07T15:30:00.000Z,
                "id": 7,
                "start": 2017-10-07T15:00:00.000Z,
              },
            ]
          }
          fevents={
            Array [
              Object {
                "allDay": true,
                "end": 2017-10-12T15:30:00.000Z,
                "id": 0,
                "start": 2017-10-07T15:00:00.000Z,
              },
            ]
          }
          hourFormat="HH"
          locale={
            Object {
              "formatDistance": [Function],
              "formatLong": [Function],
              "formatRelative": [Function],
              "formatters": Object {
                "Do MMM": [Function],
                "Do MMMM": [Function],
              },
              "formattingTokensRegExp": /\\(\\\\\\[\\[\\^\\\\\\[\\]\\*\\\\\\]\\)\\|\\(\\\\\\\\\\)\\?\\(x\\|ss\\|s\\|mm\\|m\\|hh\\|h\\|do\\|dddd\\|ddd\\|dd\\|d\\|aa\\|a\\|ZZ\\|Z\\|YYYY\\|YY\\|X\\|Wo\\|WW\\|W\\|SSS\\|SS\\|S\\|Qo\\|Q\\|Mo\\|MMMM\\|MMM\\|MM\\|M\\|HH\\|H\\|GGGG\\|GG\\|E\\|Do MMMM\\|Do MMM\\|Do\\|DDDo\\|DDDD\\|DDD\\|DD\\|D\\|A\\|\\.\\)/g,
              "localize": Object {
                "month": [Function],
                "months": [Function],
                "ordinalNumber": [Function],
                "timeOfDay": [Function],
                "timesOfDay": [Function],
                "weekday": [Function],
                "weekdays": [Function],
              },
              "match": Object {
                "month": [Function],
                "months": [Function],
                "ordinalNumber": [Function],
                "ordinalNumbers": [Function],
                "timeOfDay": [Function],
                "timesOfDay": [Function],
                "weekday": [Function],
                "weekdays": [Function],
              },
              "options": Object {
                "firstWeekContainsDate": 4,
                "weekStartsOn": 1,
              },
            }
          }
          matrix={
            Array [
              0,
              1,
              1,
              1,
              1,
              0,
              0,
            ]
          }
          nodes={
            Object {
              "0": Object {
                "children": Array [
                  1,
                  2,
                  3,
                ],
                "depth": 3,
                "level": 0,
              },
              "1": Object {
                "children": Array [],
                "depth": 3,
                "level": 1,
              },
              "2": Object {
                "children": Array [
                  3,
                ],
                "depth": 3,
                "level": 1,
              },
              "3": Object {
                "children": Array [],
                "depth": 3,
                "level": 2,
              },
              "4": Object {
                "children": Array [
                  5,
                  6,
                ],
                "depth": 2,
                "level": 0,
              },
              "5": Object {
                "children": Array [],
                "depth": 2,
                "level": 1,
              },
              "6": Object {
                "children": Array [],
                "depth": 2,
                "level": 1,
              },
            }
          }
          offset={0}
          rowHeight={30}
          showNow={false}
          start={2017-10-13T22:00:00.000Z}
          startHour="PT06H"
          type="weekly"
        >
          <div />
        </DailyCalendar>
      </BD>
      <BD
        dateFormat="DD"
        key="daily_cal_6"
        start={2017-10-14T22:00:00.000Z}
      >
        <DailyCalendar
          dateFormat="DD"
          endHour="PT22H"
          events={
            Array [
              Object {
                "allDay": false,
                "end": 2017-10-07T12:00:00.000Z,
                "id": 1,
                "start": 2017-10-07T01:00:00.000Z,
              },
              Object {
                "allDay": false,
                "end": 2017-10-07T05:00:00.000Z,
                "id": 2,
                "start": 2017-10-07T03:00:00.000Z,
              },
              Object {
                "allDay": false,
                "end": 2017-10-07T11:30:00.000Z,
                "id": 3,
                "start": 2017-10-07T10:30:00.000Z,
              },
              Object {
                "allDay": false,
                "end": 2017-10-07T12:30:00.000Z,
                "id": 4,
                "start": 2017-10-07T11:00:00.000Z,
              },
              Object {
                "allDay": false,
                "end": 2017-10-07T16:00:00.000Z,
                "id": 5,
                "start": 2017-10-07T14:30:00.000Z,
              },
              Object {
                "allDay": false,
                "end": 2017-10-07T16:30:00.000Z,
                "id": 6,
                "start": 2017-10-07T15:00:00.000Z,
              },
              Object {
                "allDay": false,
                "end": 2017-10-07T15:30:00.000Z,
                "id": 7,
                "start": 2017-10-07T15:00:00.000Z,
              },
            ]
          }
          fevents={
            Array [
              Object {
                "allDay": true,
                "end": 2017-10-12T15:30:00.000Z,
                "id": 0,
                "start": 2017-10-07T15:00:00.000Z,
              },
            ]
          }
          hourFormat="HH"
          locale={
            Object {
              "formatDistance": [Function],
              "formatLong": [Function],
              "formatRelative": [Function],
              "formatters": Object {
                "Do MMM": [Function],
                "Do MMMM": [Function],
              },
              "formattingTokensRegExp": /\\(\\\\\\[\\[\\^\\\\\\[\\]\\*\\\\\\]\\)\\|\\(\\\\\\\\\\)\\?\\(x\\|ss\\|s\\|mm\\|m\\|hh\\|h\\|do\\|dddd\\|ddd\\|dd\\|d\\|aa\\|a\\|ZZ\\|Z\\|YYYY\\|YY\\|X\\|Wo\\|WW\\|W\\|SSS\\|SS\\|S\\|Qo\\|Q\\|Mo\\|MMMM\\|MMM\\|MM\\|M\\|HH\\|H\\|GGGG\\|GG\\|E\\|Do MMMM\\|Do MMM\\|Do\\|DDDo\\|DDDD\\|DDD\\|DD\\|D\\|A\\|\\.\\)/g,
              "localize": Object {
                "month": [Function],
                "months": [Function],
                "ordinalNumber": [Function],
                "timeOfDay": [Function],
                "timesOfDay": [Function],
                "weekday": [Function],
                "weekdays": [Function],
              },
              "match": Object {
                "month": [Function],
                "months": [Function],
                "ordinalNumber": [Function],
                "ordinalNumbers": [Function],
                "timeOfDay": [Function],
                "timesOfDay": [Function],
                "weekday": [Function],
                "weekdays": [Function],
              },
              "options": Object {
                "firstWeekContainsDate": 4,
                "weekStartsOn": 1,
              },
            }
          }
          matrix={
            Array [
              0,
              1,
              1,
              1,
              1,
              0,
              0,
            ]
          }
          nodes={
            Object {
              "0": Object {
                "children": Array [
                  1,
                  2,
                  3,
                ],
                "depth": 3,
                "level": 0,
              },
              "1": Object {
                "children": Array [],
                "depth": 3,
                "level": 1,
              },
              "2": Object {
                "children": Array [
                  3,
                ],
                "depth": 3,
                "level": 1,
              },
              "3": Object {
                "children": Array [],
                "depth": 3,
                "level": 2,
              },
              "4": Object {
                "children": Array [
                  5,
                  6,
                ],
                "depth": 2,
                "level": 0,
              },
              "5": Object {
                "children": Array [],
                "depth": 2,
                "level": 1,
              },
              "6": Object {
                "children": Array [],
                "depth": 2,
                "level": 1,
              },
            }
          }
          offset={0}
          rowHeight={30}
          showNow={false}
          start={2017-10-14T22:00:00.000Z}
          startHour="PT06H"
          type="weekly"
        >
          <div />
        </DailyCalendar>
      </BD>
    </div>
  </WeeklyCalendar>
</BD>
`;
